{
  "schemaVersion": "2.1.0",
  "modules": [
    {
      "kind": "javascript-module",
      "path": "src/jsdoc-css-state.js",
      "declarations": [
        {
          "name": "JsdocCssState",
          "superclass": {
            "name": "LitElement",
            "package": "lit"
          },
          "source": {
            "href": "https://github.com/bennypowers/cem/tree/main/generate/test/fixtures/project-yaml/src/jsdoc-css-state.ts#L7"
          },
          "kind": "class",
          "tagName": "jsdoc-css-state",
          "cssStates": [
            {
              "name": "state"
            },
            {
              "name": "state-description",
              "description": "state description"
            },
            {
              "name": "state-description-multiline",
              "description": "multiline\nstate description"
            }
          ],
          "customElement": true
        }
      ],
      "exports": [
        {
          "kind": "custom-element-definition",
          "name": "jsdoc-css-state",
          "declaration": {
            "name": "JsdocCssState",
            "module": "src/jsdoc-css-state.js"
          }
        }
      ]
    }
  ]
}