{
  "schemaVersion": "2.1.0",
  "modules": [
    {
      "kind": "javascript-module",
      "path": "src/jsdoc-description.js",
      "declarations": [
        {
          "name": "JsdocDescription",
          "description": "description",
          "superclass": {
            "name": "LitElement",
            "package": "lit"
          },
          "source": {
            "href": "https://github.com/bennypowers/cem/tree/main/generate/test/fixtures/project-yaml/src/jsdoc-description.ts#L4"
          },
          "kind": "class",
          "tagName": "jsdoc-description",
          "customElement": true
        }
      ],
      "exports": [
        {
          "kind": "custom-element-definition",
          "name": "jsdoc-description",
          "declaration": {
            "name": "JsdocDescription",
            "module": "src/jsdoc-description.js"
          }
        }
      ]
    }
  ]
}