{
  "schemaVersion": "1.0.0",
  "modules": [
    {
      "kind": "javascript-module",
      "path": "src/class-parameter-properties.js",
      "declarations": [
        {
          "name": "Class",
          "superclass": {
            "name": "Event",
            "package": "global:"
          },
          "members": [
            {
              "name": "field",
              "type": {
                "text": "boolean"
              },
              "kind": "field"
            }
          ],
          "kind": "class"
        }
      ],
      "exports": [
        {
          "kind": "js",
          "name": "Class",
          "declaration": {
            "name": "Class",
            "module": "/var/home/bennyp/Developer/cem/test/fixtures/project-classes/src/class-parameter-properties.js"
          }
        }
      ]
    }
  ]
}