{
  "schemaVersion": "1.0.0",
  "modules": [
    {
      "kind": "javascript-module",
      "path": "src/class-multiple.js",
      "declarations": [
        {
          "name": "ClassA",
          "superclass": {
            "name": "Event",
            "package": "global:"
          },
          "members": [
            {
              "name": "aField",
              "type": {
                "text": "string"
              },
              "kind": "field"
            },
            {
              "return": {
                "type": {
                  "text": "string"
                }
              },
              "name": "aMethod",
              "kind": "method"
            }
          ],
          "kind": "class"
        },
        {
          "name": "ClassB",
          "superclass": {
            "name": "LitElement",
            "package": "lit"
          },
          "members": [
            {
              "name": "bField",
              "type": {
                "text": "string"
              },
              "kind": "field"
            },
            {
              "name": "bProp",
              "type": {
                "text": "string"
              },
              "kind": "field",
              "attribute": "bprop"
            },
            {
              "return": {
                "type": {
                  "text": "string"
                }
              },
              "name": "bMethod",
              "kind": "method"
            }
          ],
          "kind": "class",
          "tagName": "class-b",
          "attributes": [
            {
              "name": "bprop",
              "type": {
                "text": "string"
              },
              "fieldName": "bProp"
            }
          ],
          "customElement": true
        }
      ],
      "exports": [
        {
          "kind": "js",
          "name": "ClassA",
          "declaration": {
            "name": "ClassA",
            "module": "/var/home/bennyp/Developer/cem/test/fixtures/project-classes/src/class-multiple.js"
          }
        },
        {
          "kind": "custom-element-definition",
          "name": "class-b",
          "declaration": {
            "name": "ClassB",
            "module": "/var/home/bennyp/Developer/cem/test/fixtures/project-classes/src/class-multiple.js"
          }
        }
      ]
    }
  ]
}