{
  "schemaVersion": "1.0.0",
  "modules": [
    {
      "kind": "javascript-module",
      "path": "src/class-reflecting-attribute.js",
      "declarations": [
        {
          "name": "ClassReflectingAttr",
          "superclass": {
            "name": "LitElement",
            "package": "lit"
          },
          "members": [
            {
              "name": "reflectingAttribute",
              "type": {
                "text": "boolean"
              },
              "default": "false",
              "kind": "field",
              "attribute": "reflecting-attribute",
              "reflects": true
            }
          ],
          "kind": "class",
          "tagName": "class-reflecting-attr",
          "attributes": [
            {
              "name": "reflecting-attribute",
              "type": {
                "text": "boolean"
              },
              "default": "false",
              "fieldName": "reflectingAttribute"
            }
          ],
          "customElement": true
        }
      ],
      "exports": [
        {
          "kind": "custom-element-definition",
          "name": "class-reflecting-attr",
          "declaration": {
            "name": "ClassReflectingAttr",
            "module": "/var/home/bennyp/Developer/cem/test/fixtures/project-classes/src/class-reflecting-attribute.js"
          }
        }
      ]
    }
  ]
}