{
  "schemaVersion": "1.0.0",
  "modules": [
    {
      "kind": "javascript-module",
      "path": "src/export-var.js",
      "declarations": [
        {
          "name": "$const",
          "type": {
            "text": ": string"
          },
          "kind": "variable"
        },
        {
          "name": "$let",
          "kind": "variable"
        },
        {
          "name": "$var",
          "kind": "variable"
        }
      ],
      "exports": [
        {
          "kind": "js",
          "name": "$const",
          "declaration": {
            "name": "$const",
            "module": "src/export-var.js"
          }
        },
        {
          "kind": "js",
          "name": "$let",
          "declaration": {
            "name": "$let",
            "module": "src/export-var.js"
          }
        }
      ]
    }
  ]
}