{
  "valid": false,
  "schemaVersion": "2.1.1",
  "errors": [
    {
      "id": "schema-validation-error",
      "module": "invalid-function.js",
      "declaration": "function[0]",
      "message": "missing properties: 'name'",
      "location": "/modules/0/declarations/0",
      "index": -1
    }
  ],
  "warnings": []
}