{
  "valid": true,
  "schemaVersion": "2.1.1",
  "errors": [],
  "warnings": [
    {
      "id": "verbose-css-defaults",
      "module": "css-verbose.js",
      "declaration": "class VerboseCssElement",
      "property": "CSS property --large-styles",
      "message": "default value is very long, consider using external CSS file",
      "category": "verbose"
    }
  ]
}