{
  "schemaVersion": "2.1.0",
  "modules": [
    {
      "kind": "javascript-module",
      "path": "src/class-render-parts.js",
      "declarations": [
        {
          "name": "ClassRenderParts",
          "superclass": {
            "name": "LitElement",
            "package": "lit"
          },
          "source": {
            "href": "https://github.com/bennypowers/cem/tree/main/generate/test/fixtures/project-html/src/class-render-parts.ts#L1"
          },
          "kind": "class",
          "tagName": "class-render-parts",
          "slots": [
            {
              "name": "slot"
            }
          ],
          "cssParts": [
            {
              "name": "part"
            },
            {
              "name": "slot"
            },
            {
              "name": "slot-part"
            }
          ],
          "customElement": true
        }
      ],
      "exports": [
        {
          "kind": "custom-element-definition",
          "name": "class-render-parts",
          "declaration": {
            "name": "ClassRenderParts",
            "module": "src/class-render-parts.js"
          }
        }
      ]
    }
  ]
}