{
  "schemaVersion": "2.1.0",
  "modules": [
    {
      "kind": "javascript-module",
      "path": "src/class-render-docs-lit.js",
      "declarations": [
        {
          "name": "LitTemplate",
          "superclass": {
            "name": "LitElement",
            "package": "lit"
          },
          "source": {
            "href": "https://github.com/bennypowers/cem/tree/main/generate/test/fixtures/project-html/src/class-render-docs-lit.ts#L2"
          },
          "kind": "class",
          "tagName": "lit-template",
          "slots": [
            {
              "name": "",
              "summary": "anonymous slot child of part:root"
            },
            {
              "name": "inside-part",
              "summary": "named slot child of part:inside"
            }
          ],
          "cssParts": [
            {
              "name": "root",
              "summary": "part:root"
            },
            {
              "name": "inside",
              "summary": "part child of element with @click"
            },
            {
              "name": "after",
              "summary": "after element with @click"
            }
          ],
          "customElement": true
        }
      ],
      "exports": [
        {
          "kind": "custom-element-definition",
          "name": "lit-template",
          "declaration": {
            "name": "LitTemplate",
            "module": "src/class-render-docs-lit.js"
          }
        },
        {
          "kind": "js",
          "name": "LitTemplate",
          "declaration": {
            "name": "LitTemplate",
            "module": "src/class-render-docs-lit.js"
          }
        }
      ]
    }
  ]
}