{
  "schemaVersion": "2.1.0",
  "modules": [
    {
      "kind": "javascript-module",
      "path": "src/class-render-slot-anon-attributes.js",
      "declarations": [
        {
          "name": "ClassRenderSlotAnonAttributes",
          "superclass": {
            "name": "LitElement",
            "package": "lit"
          },
          "source": {
            "href": "https://github.com/bennypowers/cem/tree/main/generate/test/fixtures/project-html/src/class-render-slot-anon-attributes.ts#L1"
          },
          "kind": "class",
          "tagName": "class-render-slot-anon-attributes",
          "slots": [
            {
              "name": "",
              "summary": "summary",
              "description": "`\u003cslot\u003e`"
            }
          ],
          "customElement": true
        }
      ],
      "exports": [
        {
          "kind": "custom-element-definition",
          "name": "class-render-slot-anon-attributes",
          "declaration": {
            "name": "ClassRenderSlotAnonAttributes",
            "module": "src/class-render-slot-anon-attributes.js"
          }
        }
      ]
    }
  ]
}