{
  "schemaVersion": "2.1.0",
  "modules": [
    {
      "kind": "javascript-module",
      "path": "src/class-render-escaped-backticks.js",
      "declarations": [
        {
          "name": "ClassRenderEscapedBackticks",
          "superclass": {
            "name": "LitElement",
            "package": "lit"
          },
          "kind": "class",
          "tagName": "class-render-escaped-backticks",
          "slots": [
            {
              "name": "",
              "description": "`\u003cslot\u003e`"
            },
            {
              "name": "slot",
              "summary": "`\u003cslot\u003e`"
            }
          ],
          "cssParts": [
            {
              "name": "part",
              "description": "`\u003cp\u003e`"
            },
            {
              "name": "summary",
              "summary": "`\u003cp\u003e`"
            }
          ],
          "customElement": true
        }
      ],
      "exports": [
        {
          "kind": "custom-element-definition",
          "name": "class-render-escaped-backticks",
          "declaration": {
            "name": "ClassRenderEscapedBackticks",
            "module": "src/class-render-escaped-backticks.js"
          }
        }
      ]
    }
  ]
}