{
  "schemaVersion": "2.1.0",
  "modules": [
    {
      "kind": "javascript-module",
      "path": "src/static-styles.js",
      "declarations": [
        {
          "name": "StaticStyles",
          "superclass": {
            "name": "LitElement",
            "package": "lit"
          },
          "source": {
            "href": "https://github.com/bennypowers/cem/tree/main/generate/test/fixtures/project-tokens/src/static-styles.ts#L4"
          },
          "kind": "class",
          "tagName": "static-styles",
          "cssProperties": [
            {
              "name": "--in-attribute-import"
            },
            {
              "name": "--in-non-attribute-import",
              "description": "in-non-attribute-import"
            },
            {
              "name": "--only-value-in-styles-value",
              "description": "only-value-in-styles-value"
            },
            {
              "name": "--tagged-template-in-style-array",
              "description": "tagged-template-in-style-array"
            },
            {
              "name": "--has-default",
              "default": "0, red, green"
            },
            {
              "name": "--in-attribute-import-description",
              "summary": "summary",
              "description": "in-attribute-import-description"
            },
            {
              "name": "--deprecated",
              "deprecated": "reason"
            },
            {
              "name": "--token-color",
              "description": "--token-color",
              "syntax": "\u003ccolor\u003e"
            }
          ],
          "customElement": true
        }
      ],
      "exports": [
        {
          "kind": "custom-element-definition",
          "name": "static-styles",
          "declaration": {
            "name": "StaticStyles",
            "module": "src/static-styles.js"
          }
        }
      ]
    }
  ]
}