{
  "schemaVersion": "1.0.0",
  "modules": [
    {
      "kind": "javascript-module",
      "path": "src/real-world.js",
      "declarations": [
        {
          "name": "RealWorld",
          "superclass": {
            "name": "LitElement",
            "package": "lit"
          },
          "members": [
            {
              "name": "colorPalette",
              "type": {
                "text": "ColorPalette"
              },
              "kind": "field",
              "attribute": "color-palette",
              "reflects": true
            },
            {
              "name": "variant",
              "description": "variant",
              "type": {
                "text": "'promo'"
              },
              "kind": "field",
              "attribute": "variant",
              "reflects": true
            },
            {
              "name": "fullWidth",
              "description": "is full-width",
              "type": {
                "text": "boolean"
              },
              "default": "false",
              "kind": "field",
              "attribute": "full-width",
              "reflects": true
            }
          ],
          "kind": "class",
          "tagName": "real-world",
          "attributes": [
            {
              "name": "color-palette",
              "type": {
                "text": "ColorPalette"
              },
              "fieldName": "colorPalette"
            },
            {
              "name": "variant",
              "description": "variant",
              "type": {
                "text": "'promo'"
              },
              "fieldName": "variant"
            },
            {
              "name": "full-width",
              "description": "is full-width",
              "type": {
                "text": "boolean"
              },
              "default": "false",
              "fieldName": "fullWidth"
            }
          ],
          "cssProperties": [
            {
              "name": "--rw-space-7xl"
            }
          ],
          "customElement": true
        }
      ],
      "exports": [
        {
          "kind": "custom-element-definition",
          "name": "real-world",
          "declaration": {
            "name": "RealWorld",
            "module": "src/real-world.js"
          }
        },
        {
          "kind": "js",
          "name": "RealWorld",
          "declaration": {
            "name": "RealWorld",
            "module": "src/real-world.js"
          }
        }
      ]
    }
  ]
}