{
  "schemaVersion": "2.1.0",
  "modules": [
    {
      "kind": "javascript-module",
      "path": "src/rh-card.js",
      "declarations": [
        {
          "name": "HasWillUpdate",
          "superclass": {
            "name": "LitElement",
            "package": "lit"
          },
          "members": [
            {
              "name": "colorPalette",
              "type": {
                "text": "ColorPalette"
              },
              "kind": "field",
              "attribute": "color-palette",
              "reflects": true
            },
            {
              "name": "variant",
              "description": "Change the style of the card to be a \"Promo\"",
              "type": {
                "text": "'promo'"
              },
              "kind": "field",
              "attribute": "variant",
              "reflects": true
            },
            {
              "name": "fullWidth",
              "description": "Change a promo with an image + body + footer to use the `full-width` style",
              "type": {
                "text": "boolean"
              },
              "default": "false",
              "kind": "field",
              "attribute": "full-width",
              "reflects": true
            }
          ],
          "kind": "class",
          "tagName": "has-will-update",
          "attributes": [
            {
              "name": "color-palette",
              "type": {
                "text": "ColorPalette"
              },
              "fieldName": "colorPalette"
            },
            {
              "name": "variant",
              "description": "Change the style of the card to be a \"Promo\"",
              "type": {
                "text": "'promo'"
              },
              "fieldName": "variant"
            },
            {
              "name": "full-width",
              "description": "Change a promo with an image + body + footer to use the `full-width` style",
              "type": {
                "text": "boolean"
              },
              "default": "false",
              "fieldName": "fullWidth"
            }
          ],
          "customElement": true
        }
      ],
      "exports": [
        {
          "kind": "custom-element-definition",
          "name": "has-will-update",
          "declaration": {
            "name": "HasWillUpdate",
            "module": "src/rh-card.js"
          }
        },
        {
          "kind": "js",
          "name": "HasWillUpdate",
          "declaration": {
            "name": "HasWillUpdate",
            "module": "src/rh-card.js"
          }
        }
      ]
    }
  ]
}