{
  "schemaVersion": "2.1.1",
  "modules": [
    {
      "kind": "javascript-module",
      "path": "src/class-render-slots.js",
      "declarations": [
        {
          "name": "ClassMethods",
          "superclass": {
            "name": "LitElement",
            "package": "lit"
          },
          "kind": "class",
          "tagName": "class-render-slots",
          "slots": [
            {
              "name": ""
            },
            {
              "name": "slot"
            }
          ],
          "customElement": true
        }
      ],
      "exports": [
        {
          "kind": "custom-element-definition",
          "name": "class-render-slots",
          "declaration": {
            "name": "ClassMethods",
            "module": "src/class-render-slots.js"
          }
        }
      ]
    }
  ]
}