{
  "schemaVersion": "2.1.1",
  "modules": [
    {
      "kind": "javascript-module",
      "path": "src/class-fields.js",
      "declarations": [
        {
          "name": "ClassFields",
          "members": [
            {
              "name": "string",
              "type": {
                "text": "string"
              },
              "kind": "field"
            },
            {
              "name": "protected",
              "type": {
                "text": "string"
              },
              "kind": "field",
              "privacy": "protected"
            },
            {
              "name": "private",
              "type": {
                "text": "string"
              },
              "kind": "field",
              "privacy": "private"
            },
            {
              "name": "initialized",
              "type": {
                "text": "string"
              },
              "default": "'string'",
              "kind": "field"
            },
            {
              "name": "bool",
              "type": {
                "text": "boolean"
              },
              "default": "false",
              "kind": "field"
            },
            {
              "name": "num",
              "type": {
                "text": "number"
              },
              "default": "0",
              "kind": "field"
            },
            {
              "name": "decorated",
              "description": "The class is not a custom element, so even though this field has a @property decorator,\nthis member entry mustn't have an attribute",
              "type": {
                "text": "number"
              },
              "default": "0",
              "kind": "field"
            },
            {
              "name": "fieldMethod",
              "description": "must be classified as a method",
              "kind": "method"
            }
          ],
          "kind": "class"
        }
      ],
      "exports": [
        {
          "kind": "js",
          "name": "ClassFields",
          "declaration": {
            "name": "ClassFields",
            "module": "src/class-fields.js"
          }
        }
      ]
    }
  ]
}