{
  "schemaVersion": "2.1.0",
  "modules": [
    {
      "kind": "javascript-module",
      "path": "src/class-accessors.js",
      "declarations": [
        {
          "name": "ClassAccessors",
          "superclass": {
            "name": "LitElement",
            "package": "lit"
          },
          "members": [
            {
              "name": "getter",
              "type": {
                "text": "string"
              },
              "readonly": true,
              "kind": "field"
            },
            {
              "name": "getterDescribed",
              "description": "getter description",
              "type": {
                "text": "string"
              },
              "readonly": true,
              "kind": "field"
            },
            {
              "name": "getterSummarized",
              "summary": "getter summary",
              "type": {
                "text": "string"
              },
              "readonly": true,
              "kind": "field"
            },
            {
              "name": "pair",
              "type": {
                "text": "string"
              },
              "kind": "field"
            },
            {
              "name": "pairDescribed",
              "description": "pair with description",
              "type": {
                "text": "string"
              },
              "kind": "field"
            },
            {
              "name": "pairSummarized",
              "summary": "pair with summary",
              "type": {
                "text": "string"
              },
              "kind": "field"
            },
            {
              "name": "propertyPair",
              "type": {
                "text": "string"
              },
              "kind": "field",
              "attribute": "propertypair"
            },
            {
              "name": "propertyPairDescribed",
              "description": "property pair with description",
              "type": {
                "text": "string"
              },
              "kind": "field",
              "attribute": "property-pair-described"
            },
            {
              "name": "propertyPairSummarized",
              "summary": "property pair with summary",
              "type": {
                "text": "string"
              },
              "kind": "field",
              "attribute": "propertypairsummarized",
              "reflects": true
            }
          ],
          "source": {
            "href": "https://github.com/bennypowers/cem/tree/main/generate/test/fixtures/project-classes/src/class-accessors.ts#L1"
          },
          "kind": "class",
          "tagName": "class-accessors",
          "attributes": [
            {
              "name": "propertypair",
              "type": {
                "text": "string"
              },
              "fieldName": "propertyPair"
            },
            {
              "name": "property-pair-described",
              "description": "property pair with description",
              "type": {
                "text": "string"
              },
              "fieldName": "propertyPairDescribed"
            },
            {
              "name": "propertypairsummarized",
              "summary": "property pair with summary",
              "type": {
                "text": "string"
              },
              "fieldName": "propertyPairSummarized"
            }
          ],
          "customElement": true
        }
      ],
      "exports": [
        {
          "kind": "custom-element-definition",
          "name": "class-accessors",
          "declaration": {
            "name": "ClassAccessors",
            "module": "src/class-accessors.js"
          }
        }
      ]
    }
  ]
}