{
  "schemaVersion": "2.1.0",
  "modules": [
    {
      "kind": "javascript-module",
      "path": "src/export-function.js",
      "declarations": [
        {
          "name": "simple",
          "kind": "function",
          "source": {
            "href": "https://github.com/bennypowers/cem/tree/main/generate/test/fixtures/project-classes/src/export-function.ts#L1"
          }
        },
        {
          "name": "described",
          "description": "description",
          "kind": "function",
          "source": {
            "href": "https://github.com/bennypowers/cem/tree/main/generate/test/fixtures/project-classes/src/export-function.ts#L3"
          }
        },
        {
          "name": "summarized",
          "summary": "summary",
          "kind": "function",
          "source": {
            "href": "https://github.com/bennypowers/cem/tree/main/generate/test/fixtures/project-classes/src/export-function.ts#L5"
          }
        },
        {
          "name": "async",
          "kind": "function",
          "source": {
            "href": "https://github.com/bennypowers/cem/tree/main/generate/test/fixtures/project-classes/src/export-function.ts#L6"
          }
        },
        {
          "name": "generator",
          "kind": "function",
          "source": {
            "href": "https://github.com/bennypowers/cem/tree/main/generate/test/fixtures/project-classes/src/export-function.ts#L7"
          }
        },
        {
          "name": "arrowsimple",
          "kind": "function",
          "source": {
            "href": "https://github.com/bennypowers/cem/tree/main/generate/test/fixtures/project-classes/src/export-function.ts#L9"
          }
        },
        {
          "name": "arrowdescribed",
          "description": "arrow description",
          "kind": "function",
          "source": {
            "href": "https://github.com/bennypowers/cem/tree/main/generate/test/fixtures/project-classes/src/export-function.ts#L11"
          }
        },
        {
          "name": "arrowsummarized",
          "summary": "arrow summary",
          "kind": "function",
          "source": {
            "href": "https://github.com/bennypowers/cem/tree/main/generate/test/fixtures/project-classes/src/export-function.ts#L13"
          }
        },
        {
          "name": "arrowasync",
          "kind": "function",
          "source": {
            "href": "https://github.com/bennypowers/cem/tree/main/generate/test/fixtures/project-classes/src/export-function.ts#L14"
          }
        },
        {
          "parameters": [
            {
              "name": "a",
              "type": {
                "text": "string"
              }
            }
          ],
          "name": "param",
          "kind": "function",
          "source": {
            "href": "https://github.com/bennypowers/cem/tree/main/generate/test/fixtures/project-classes/src/export-function.ts#L16"
          }
        },
        {
          "parameters": [
            {
              "name": "a",
              "description": "param description",
              "type": {
                "text": "string"
              }
            }
          ],
          "return": {
            "description": "return description"
          },
          "name": "describedparam",
          "description": "description",
          "kind": "function",
          "source": {
            "href": "https://github.com/bennypowers/cem/tree/main/generate/test/fixtures/project-classes/src/export-function.ts#L22"
          }
        },
        {
          "parameters": [
            {
              "name": "as",
              "type": {
                "text": "string[]"
              },
              "rest": true
            }
          ],
          "name": "rest",
          "kind": "function",
          "source": {
            "href": "https://github.com/bennypowers/cem/tree/main/generate/test/fixtures/project-classes/src/export-function.ts#L23"
          }
        },
        {
          "parameters": [
            {
              "name": "as",
              "description": "rest description",
              "type": {
                "text": "string[]"
              },
              "rest": true
            }
          ],
          "return": {
            "description": "return description"
          },
          "name": "describedrest",
          "description": "description",
          "kind": "function",
          "source": {
            "href": "https://github.com/bennypowers/cem/tree/main/generate/test/fixtures/project-classes/src/export-function.ts#L29"
          }
        }
      ],
      "exports": [
        {
          "kind": "js",
          "name": "simple",
          "declaration": {
            "name": "simple",
            "module": "src/export-function.js"
          }
        },
        {
          "kind": "js",
          "name": "described",
          "declaration": {
            "name": "described",
            "module": "src/export-function.js"
          }
        },
        {
          "kind": "js",
          "name": "summarized",
          "declaration": {
            "name": "summarized",
            "module": "src/export-function.js"
          }
        },
        {
          "kind": "js",
          "name": "async",
          "declaration": {
            "name": "async",
            "module": "src/export-function.js"
          }
        },
        {
          "kind": "js",
          "name": "generator",
          "declaration": {
            "name": "generator",
            "module": "src/export-function.js"
          }
        },
        {
          "kind": "js",
          "name": "arrowsimple",
          "declaration": {
            "name": "arrowsimple",
            "module": "src/export-function.js"
          }
        },
        {
          "kind": "js",
          "name": "arrowdescribed",
          "declaration": {
            "name": "arrowdescribed",
            "module": "src/export-function.js"
          }
        },
        {
          "kind": "js",
          "name": "arrowsummarized",
          "declaration": {
            "name": "arrowsummarized",
            "module": "src/export-function.js"
          }
        },
        {
          "kind": "js",
          "name": "arrowasync",
          "declaration": {
            "name": "arrowasync",
            "module": "src/export-function.js"
          }
        },
        {
          "kind": "js",
          "name": "param",
          "declaration": {
            "name": "param",
            "module": "src/export-function.js"
          }
        },
        {
          "kind": "js",
          "name": "describedparam",
          "declaration": {
            "name": "describedparam",
            "module": "src/export-function.js"
          }
        },
        {
          "kind": "js",
          "name": "rest",
          "declaration": {
            "name": "rest",
            "module": "src/export-function.js"
          }
        },
        {
          "kind": "js",
          "name": "describedrest",
          "declaration": {
            "name": "describedrest",
            "module": "src/export-function.js"
          }
        }
      ]
    }
  ]
}