{
  "schemaVersion": "2.1.0",
  "modules": [
    {
      "kind": "javascript-module",
      "path": "src/demo-discovery/demo-discovery.js",
      "declarations": [
        {
          "name": "DemoDiscovery",
          "superclass": {
            "name": "LitElement",
            "package": "lit"
          },
          "source": {
            "href": "https://github.com/bennypowers/cem/tree/main/generate/src/demo-discovery/demo-discovery.ts#L1"
          },
          "kind": "class",
          "tagName": "demo-discovery",
          "demos": [
            {
              "url": "https://bennypowers.dev/cem-demos/demo-discovery/discovery/",
              "source": {
                "href": "https://github.com/bennypowers/cem/tree/main/generate/test/fixtures/project-demos/src/demo-discovery/demos/discovery.html"
              }
            },
            {
              "description": "A complete HTML document demonstrating demo-discovery element",
              "url": "https://bennypowers.dev/cem-demos/demo-discovery/full-document/",
              "source": {
                "href": "https://github.com/bennypowers/cem/tree/main/generate/test/fixtures/project-demos/src/demo-discovery/demos/full-document.html"
              }
            },
            {
              "url": "https://bennypowers.dev/cem-demos/demo-alias/multiple-comment/",
              "source": {
                "href": "https://github.com/bennypowers/cem/tree/main/generate/test/fixtures/project-demos/src/demo-alias/demos/multiple-comment.html"
              }
            },
            {
              "url": "https://bennypowers.dev/cem-demos/demo-alias/multiple/",
              "source": {
                "href": "https://github.com/bennypowers/cem/tree/main/generate/test/fixtures/project-demos/src/demo-alias/demos/multiple.html"
              }
            }
          ],
          "customElement": true
        }
      ],
      "exports": [
        {
          "kind": "custom-element-definition",
          "name": "demo-discovery",
          "declaration": {
            "name": "DemoDiscovery",
            "module": "src/demo-discovery/demo-discovery.js"
          }
        }
      ]
    }
  ]
}