<script type="module">
  import "./my-element.js";
</script>

<my-element></my-element>
