{
  "schemaVersion": "2.1.0",
  "modules": [
    {
      "kind": "javascript-module",
      "path": "src/vanilla-declare.js",
      "declarations": [
        {
          "name": "VanillaElement",
          "superclass": {
            "name": "HTMLElement",
            "package": "global:"
          },
          "source": {
            "href": "https://github.com/bennypowers/cem/tree/main/generate/test/fixtures/project-vanilla/src/vanilla-declare.ts#L1"
          },
          "kind": "class",
          "customElement": true
        }
      ],
      "exports": [
        {
          "kind": "custom-element-definition",
          "name": "",
          "declaration": {
            "name": "VanillaElement",
            "module": "src/vanilla-declare.js"
          }
        },
        {
          "kind": "js",
          "name": "VanillaElement",
          "declaration": {
            "name": "VanillaElement",
            "module": "src/vanilla-declare.js"
          }
        }
      ]
    }
  ]
}